// Jest Snapshot v1, https://goo.gl/fbAQLP

exports[`Checkbox renders correctly 1`] = `
<label
  class="om-react-ui-checkbox"
>
  <span
    class="om-react-ui-checkbox-box-wrapper"
  >
    <input
      aria-label="Test"
      class="om-react-ui-checkbox-input"
      type="checkbox"
    />
    <span
      aria-hidden="true"
      class="om-react-ui-checkbox-box"
    />
  </span>
  <span
    class="om-react-ui-checkbox-content"
  >
    <span
      class="om-react-ui-typography om-react-ui-typography-body om-react-ui-typography-body-lg om-react-ui-typography-color-default om-react-ui-typography-strong om-react-ui-checkbox-label"
    >
      Test
    </span>
  </span>
</label>
`;
