// Jest Snapshot v1, https://goo.gl/fbAQLP

exports[`Drawer renders the figma-aligned header and footer structure when open 1`] = `
<div
  class="om-component-ui-drawer-root om-component-ui-drawer-root-open"
>
  <div
    aria-hidden="true"
    class="om-component-ui-drawer-overlay"
  />
  <div
    aria-label="Title"
    aria-modal="true"
    class="om-component-ui-drawer om-component-ui-drawer-right"
    role="dialog"
    style="width: 360px;"
    tabindex="-1"
  >
    <div
      class="om-component-ui-drawer-header"
    >
      <div
        class="om-component-ui-drawer-header-main"
      >
        <button
          aria-label="Go back"
          class="om-component-ui-drawer-control om-component-ui-drawer-control-back"
          type="button"
        >
          <i
            class="om-component-ui-icons-wrapper"
            style="display: inline-flex; align-items: center; justify-content: center; width: 20px; height: 20px; color: currentColor; font-style: normal; --icon-color: currentColor; --icon-width: 20px; --icon-height: 20px;"
          >
            <svg
              class="om-component-ui-icons"
              fill="none"
              height="20"
              preserveAspectRatio="xMidYMid meet"
              shape-rendering="geometricPrecision"
              stroke="none"
              viewBox="0 0 24 24"
              width="20"
              xmlns="http://www.w3.org/2000/svg"
            >
              <path
                clip-rule="evenodd"
                d="M7.41436 13L12.7073 18.2929L11.293 19.7071L3.58594 12L11.293 4.29291L12.7073 5.70712L7.41436 11L20.0002 11V13H7.41436Z"
                fill-rule="evenodd"
              />
            </svg>
          </i>
        </button>
        <div
          class="om-component-ui-typography om-component-ui-typography-title om-component-ui-typography-title-lg om-component-ui-typography-color-default om-component-ui-typography-strong om-component-ui-drawer-title"
        >
          Title
        </div>
      </div>
      <button
        aria-label="Close drawer"
        class="om-component-ui-drawer-control om-component-ui-drawer-control-close"
        type="button"
      >
        <i
          class="om-component-ui-icons-wrapper"
          style="display: inline-flex; align-items: center; justify-content: center; width: 20px; height: 20px; color: currentColor; font-style: normal; --icon-color: currentColor; --icon-width: 20px; --icon-height: 20px;"
        >
          <svg
            class="om-component-ui-icons"
            fill="none"
            height="20"
            preserveAspectRatio="xMidYMid meet"
            shape-rendering="geometricPrecision"
            stroke="none"
            viewBox="0 0 24 24"
            width="20"
            xmlns="http://www.w3.org/2000/svg"
          >
            <path
              clip-rule="evenodd"
              d="M10.5859 12L4.79308 6.20718L6.20729 4.79297L12.0001 10.5858L17.793 4.79297L19.2072 6.20718L13.4143 12L19.2073 17.793L17.7931 19.2072L12.0001 13.4142L6.20718 19.2072L4.79297 17.793L10.5859 12Z"
              fill-rule="evenodd"
            />
          </svg>
        </i>
      </button>
    </div>
    <div
      class="om-component-ui-drawer-body"
    >
      <div>
        Body content
      </div>
    </div>
    <div
      class="om-component-ui-drawer-footer"
    >
      <div
        style="display: flex; gap: 12px; width: 100%;"
      >
        <button
          class="om-component-ui-button om-component-ui-button-secondary om-component-ui-button-large"
          style="flex: 1;"
          type="button"
        >
          <span
            class="om-component-ui-typography om-component-ui-typography-body om-component-ui-typography-body-lg om-component-ui-typography-strong"
          >
            Cancel
          </span>
        </button>
        <button
          class="om-component-ui-button om-component-ui-button-primary om-component-ui-button-large"
          style="flex: 1;"
          type="button"
        >
          <span
            class="om-component-ui-typography om-component-ui-typography-body om-component-ui-typography-body-lg om-component-ui-typography-strong"
          >
            Confirm
          </span>
        </button>
      </div>
    </div>
  </div>
</div>
`;
