// Jest Snapshot v1, https://goo.gl/fbAQLP

exports[`Typography renders semantic variants with expected default tags 1`] = `
<div>
  <div
    class="om-component-ui-typography om-component-ui-typography-display om-component-ui-typography-display-xl"
  >
    Display
  </div>
  <div
    class="om-component-ui-typography om-component-ui-typography-headline om-component-ui-typography-headline-md"
  >
    Headline
  </div>
  <div
    class="om-component-ui-typography om-component-ui-typography-title om-component-ui-typography-title-sm om-component-ui-typography-strong"
  >
    Title
  </div>
  <span
    class="om-component-ui-typography om-component-ui-typography-body om-component-ui-typography-body-md om-component-ui-typography-strong om-component-ui-typography-underline om-component-ui-typography-delete om-component-ui-typography-underline-delete"
  >
    Body
  </span>
  <label
    class="om-component-ui-typography om-component-ui-typography-label om-component-ui-typography-label-xs"
  >
    Label
  </label>
  <a
    class="om-component-ui-typography om-component-ui-typography-link om-component-ui-typography-link-sm"
    href="https://example.com"
  >
    Link
  </a>
</div>
`;
