// Jest Snapshot v1, https://goo.gl/fbAQLP

exports[`Popconfirm renders correctly 1`] = `
<div>
  <button
    aria-controls="«r0»"
    aria-expanded="true"
    aria-haspopup="dialog"
    type="button"
  >
    Toggle
  </button>
  <div
    class="om-trigger-panel om-react-ui-popconfirm-overlay"
    data-floating-ui-focusable=""
    data-placement="top"
    data-side="top"
    id="«r0»"
    role="alertdialog"
    style="position: absolute; left: 0px; top: 0px; transform: translate(0px, 0px);"
    tabindex="-1"
  >
    <div
      class="om-react-ui-popconfirm"
    >
      <svg
        aria-hidden="true"
        class="om-react-ui-popconfirm-arrow"
        fill="none"
        viewBox="0 0 36 9"
        xmlns="http://www.w3.org/2000/svg"
      >
        <path
          class="om-react-ui-popconfirm-arrow-fill"
          d="M17.3146 1.64505L10.3664 8.1846C9.80987 8.70836 9.07447 9 8.31027 9H27.6897C26.9255 9 26.1901 8.70836 25.6336 8.1846L18.6854 1.64505C18.3003 1.28265 17.6997 1.28265 17.3146 1.64505Z"
        />
        <path
          class="om-react-ui-popconfirm-arrow-stroke"
          d="M8 8.5H8.34315C9.40401 8.5 10.4214 8.07857 11.1716 7.32843L17.2929 1.20711C17.6834 0.816582 18.3166 0.816583 18.7071 1.20711L24.8284 7.32843C25.5786 8.07857 26.596 8.5 27.6569 8.5H28"
        />
      </svg>
      <div
        class="om-react-ui-popconfirm-header"
      >
        <span
          class="om-react-ui-popconfirm-icon"
        >
          <i
            class="om-react-ui-icons-wrapper"
            style="display: inline-flex; align-items: center; justify-content: center; width: 32px; height: 32px; color: currentColor; font-style: normal; --icon-color: currentColor; --icon-width: 32px; --icon-height: 32px;"
          >
            <svg
              class="om-react-ui-icons"
              fill="none"
              height="32"
              preserveAspectRatio="xMidYMid meet"
              shape-rendering="geometricPrecision"
              stroke="none"
              viewBox="0 0 32 32"
              width="32"
              xmlns="http://www.w3.org/2000/svg"
            >
              <path
                d="M0 16C0 7.16344 7.16344 0 16 0C24.8366 0 32 7.16344 32 16C32 24.8366 24.8366 32 16 32C7.16344 32 0 24.8366 0 16Z"
                fill="#DDE6F4"
              />
              <g
                clip-path="url(#notif-info-clip)"
              >
                <path
                  clip-rule="evenodd"
                  d="M16 10C19.3137 10 22 12.6863 22 16C22 19.3137 19.3137 22 16 22C12.6863 22 9.99999 19.3137 9.99999 16C9.99999 12.6863 12.6863 10 16 10ZM16 8.66669C20.0501 8.66669 23.3333 11.9499 23.3333 16C23.3333 20.0501 20.0501 23.3334 16 23.3334C11.9499 23.3334 8.66666 20.0501 8.66666 16C8.66666 11.9499 11.9499 8.66669 16 8.66669Z"
                  fill="#073387"
                  fill-rule="evenodd"
                />
                <path
                  clip-rule="evenodd"
                  d="M15.3333 15.3334V19.6667H16.6667V15.3334H15.3333Z"
                  fill="#073387"
                  fill-rule="evenodd"
                />
                <path
                  d="M17 13.3334C17 12.7811 16.5523 12.3334 16 12.3334C15.4477 12.3334 15 12.7811 15 13.3334C15 13.8856 15.4477 14.3334 16 14.3334C16.5523 14.3334 17 13.8856 17 13.3334Z"
                  fill="#073387"
                />
              </g>
              <defs>
                <clippath
                  id="notif-info-clip"
                >
                  <rect
                    fill="white"
                    height="16"
                    transform="translate(8 8)"
                    width="16"
                  />
                </clippath>
              </defs>
            </svg>
          </i>
        </span>
        <div
          class="om-react-ui-popconfirm-content"
        >
          <div
            class="om-react-ui-popconfirm-title"
          >
            Delete transfer rule?
          </div>
          <div
            class="om-react-ui-popconfirm-body"
          >
            This action removes the rule immediately and cannot be undone.
          </div>
        </div>
      </div>
      <div
        class="om-react-ui-popconfirm-actions"
      >
        <button
          class="om-react-ui-button om-react-ui-button-secondary om-react-ui-button-small"
          type="button"
        >
          <span
            class="om-react-ui-typography om-react-ui-typography-body om-react-ui-typography-body-sm om-react-ui-typography-strong"
          >
            Cancel
          </span>
        </button>
        <button
          class="om-react-ui-button om-react-ui-button-primary om-react-ui-button-small"
          type="button"
        >
          <span
            class="om-react-ui-typography om-react-ui-typography-body om-react-ui-typography-body-sm om-react-ui-typography-strong"
          >
            Confirm
          </span>
        </button>
      </div>
    </div>
  </div>
</div>
`;
