// Jest Snapshot v1, https://goo.gl/fbAQLP

exports[`Button renders a native button and forwards refs 1`] = `
<button
  aria-label="Save draft"
  class="om-react-ui-button om-react-ui-button-secondary om-react-ui-button-small om-react-ui-button-rounded om-react-ui-button-disabled om-react-ui-button-loading"
  data-testid="button"
  disabled=""
  name="save"
  type="button"
  value="draft"
>
  <span
    class="om-react-ui-button-icon-start"
  >
    <div
      class="om-react-ui-spinner om-react-ui-button-loading-icon om-react-ui-button-loading-icon-small"
      role="progressbar"
      style="width: 32px; height: 32px;"
    >
      <svg
        class="om-react-ui-spinner-circle"
        viewBox="0 0 50 50"
      >
        <circle
          class="om-react-ui-spinner-path"
          cx="25"
          cy="25"
          fill="none"
          r="20"
          stroke-width="4"
        />
      </svg>
    </div>
  </span>
  <span
    class="om-react-ui-typography om-react-ui-typography-body om-react-ui-typography-body-sm om-react-ui-typography-strong"
  >
    Save
  </span>
</button>
`;
