// Jest Snapshot v1, https://goo.gl/fbAQLP

exports[`Button renders a native button and forwards refs 1`] = `
<button
  aria-label="Save draft"
  class="om-react-ui-button om-react-ui-button-secondary om-react-ui-button-small om-react-ui-button-rounded om-react-ui-button-disabled om-react-ui-button-loading"
  data-testid="button"
  disabled=""
  name="save"
  type="button"
  value="draft"
>
  <span
    class="om-react-ui-button-icon-start"
  >
    <div
      aria-busy="true"
      class="om-react-ui-spinner om-react-ui-button-loading-icon om-react-ui-button-loading-icon-small p-progress-spinner"
      data-pc-name="progressspinner"
      data-pc-section="root"
      role="progressbar"
    >
      <svg
        class="p-progress-spinner-svg"
        data-pc-section="spinner"
        style="animation-duration: 2s;"
        viewBox="25 25 50 50"
      >
        <circle
          class="p-progress-spinner-circle"
          cx="50"
          cy="50"
          data-pc-section="circle"
          fill="none"
          r="20"
          stroke-miterlimit="10"
          stroke-width="5"
        />
      </svg>
    </div>
  </span>
  Save
</button>
`;
