// Jest Snapshot v1, https://goo.gl/fbAQLP

exports[`Space renders horizontal spacing with split 1`] = `
<div
  class="om-component-ui-space om-component-ui-space-align-center om-component-ui-space-wrap"
  style="--om-space-column-gap: 8px; --om-space-row-gap: 8px;"
>
  <div
    class="om-component-ui-space-item"
  >
    <div>
      One
    </div>
  </div>
  <span
    class="om-component-ui-space-split"
  >
    <span>
      |
    </span>
  </span>
  <div
    class="om-component-ui-space-item"
  >
    <div>
      Two
    </div>
  </div>
  <span
    class="om-component-ui-space-split"
  >
    <span>
      |
    </span>
  </span>
  <div
    class="om-component-ui-space-item"
  >
    <div>
      Three
    </div>
  </div>
</div>
`;

exports[`Space renders vertical spacing with numeric sizes 1`] = `
<div
  class="om-component-ui-space om-component-ui-space-vertical"
  style="--om-space-column-gap: 8px; --om-space-row-gap: 16px;"
>
  <div
    class="om-component-ui-space-item"
  >
    <div>
      Top
    </div>
  </div>
  <div
    class="om-component-ui-space-item"
  >
    <div>
      Bottom
    </div>
  </div>
</div>
`;
